2026-02-23 18:47:47,857 - SP500_MLOps - INFO - Starting MLOps Pipeline...
2026-02-23 18:47:47,857 - SP500_MLOps - INFO - Loading local dataset from: data\raw\SP500_DATASET.CSV...
2026-02-23 18:48:18,813 - SP500_MLOps - INFO - Starting MLOps Pipeline...
2026-02-23 18:48:18,814 - SP500_MLOps - INFO - Loading local dataset from: data\raw\SP500_DATASET.CSV...
2026-02-23 18:48:30,285 - SP500_MLOps - INFO - Starting MLOps Pipeline...
2026-02-23 18:48:30,285 - SP500_MLOps - INFO - Loading local dataset from: data\raw\SP500_DATASET.CSV...
2026-02-23 18:49:02,776 - SP500_MLOps - INFO - Starting MLOps Pipeline...
2026-02-23 18:49:02,776 - SP500_MLOps - INFO - Loading local dataset from: data\raw\SP500_DATASET.csv...
2026-02-23 18:49:23,762 - SP500_MLOps - INFO - Starting MLOps Pipeline...
2026-02-23 18:49:23,762 - SP500_MLOps - INFO - Loading local dataset from: data\raw\SP500_DATASET.csv...
2026-02-23 18:49:25,515 - SP500_MLOps - INFO - Data loaded successfully! Shape: (2703531, 7)
2026-02-23 18:49:25,515 - SP500_MLOps - INFO - Engineering features...
2026-02-23 18:49:26,309 - SP500_MLOps - INFO - Scaling and preparing data sequences...
2026-02-23 18:53:04,674 - SP500_MLOps - INFO - Starting MLOps Pipeline...
2026-02-23 18:53:04,675 - SP500_MLOps - INFO - Loading local dataset from: data\raw\SP500_DATASET.csv...
2026-02-23 18:53:06,309 - SP500_MLOps - INFO - Data loaded successfully! Shape: (2703531, 7)
2026-02-23 18:53:06,309 - SP500_MLOps - INFO - Engineering features...
2026-02-23 18:53:07,039 - SP500_MLOps - INFO - Scaling and preparing data sequences...
2026-02-23 18:53:19,738 - SP500_MLOps - INFO - Building Bidirectional LSTM Model...
2026-02-23 18:53:20,818 - SP500_MLOps - INFO - Starting training...
2026-02-23 19:46:37,250 - absl - WARNING - You are saving your model as an HDF5 file via `model.save()` or `keras.saving.save_model(model)`. This file format is considered legacy. We recommend using instead the native Keras format, e.g. `model.save('my_model.keras')` or `keras.saving.save_model(model, 'my_model.keras')`. 
2026-02-23 21:02:54,674 - SP500_MLOps - INFO - Starting MLOps Pipeline...
2026-02-23 21:02:54,675 - SP500_MLOps - INFO - Loading local dataset from: data\raw\SP500_DATASET.csv...
2026-02-23 21:02:56,808 - SP500_MLOps - INFO - Data loaded successfully! Shape: (2703531, 7)
2026-02-23 21:02:56,808 - SP500_MLOps - INFO - Engineering features...
2026-02-23 21:02:57,789 - SP500_MLOps - INFO - Scaling and preparing data sequences...
2026-02-23 21:03:15,920 - SP500_MLOps - INFO - Building Bidirectional LSTM Model...
2026-02-23 21:03:17,420 - SP500_MLOps - INFO - Starting training...
2026-02-23 22:00:10,741 - absl - WARNING - You are saving your model as an HDF5 file via `model.save()` or `keras.saving.save_model(model)`. This file format is considered legacy. We recommend using instead the native Keras format, e.g. `model.save('my_model.keras')` or `keras.saving.save_model(model, 'my_model.keras')`. 
